// Jest Snapshot v1, https://goo.gl/fbAQLP

exports[`Solver Processing Coil & ABS Multiblocks 2.gtnh should process without errors 1`] = `
[
  {
    "crafterCount": 1.0000000002124998,
    "id": "r:gtceu:alloy_blast_smelter/ruthenium_trinium_americium_neutronate_gas",
    "overclockFactor": 10,
    "overclockName": "OC x2",
    "powerFactor": 1.52,
    "recipesPerMinute": 1.70575693,
  },
  {
    "crafterCount": 1.0000000045887323,
    "id": "r:gtceu:alloy_blast_smelter/ruthenium_trinium_americium_neutronate_gas",
    "overclockFactor": 3.4134615384615388,
    "overclockName": "",
    "powerFactor": 4.9399999999999995,
    "recipesPerMinute": 0.58225357,
  },
  {
    "crafterCount": 1,
    "id": "r:gtceu:cracker/hydro_crack_ethane",
    "overclockFactor": 20,
    "overclockName": "OC x3",
    "powerFactor": 3.04,
    "recipesPerMinute": 200,
  },
  {
    "crafterCount": 1,
    "id": "r:start:pyrolyse_oven/oil_medium",
    "overclockFactor": 15,
    "overclockName": "OC x3",
    "powerFactor": 4.053333333333333,
    "recipesPerMinute": 40,
  },
  {
    "crafterCount": 1.0000000001875,
    "id": "r:gtceu:large_chemical_reactor/qbit_cpu_wafer_quantum_eye",
    "overclockFactor": 9.230769230769232,
    "overclockName": "",
    "powerFactor": 6.586666666666666,
    "recipesPerMinute": 12.30769231,
  },
  {
    "crafterCount": 1,
    "id": "r:gtceu:blasting/smelt_deepslate_monazite_ore_to_ingot",
    "overclockFactor": 128,
    "overclockName": "",
    "powerFactor": 1,
    "recipesPerMinute": 1536,
  },
]
`;

exports[`Solver Processing Coil Multiblocks.gtnh should process without errors 1`] = `
[
  {
    "crafterCount": 1.0000000048999997,
    "id": "r:gtceu:alloy_blast_smelter/ruthenium_trinium_americium_neutronate_gas",
    "overclockFactor": 4.001706484641638,
    "overclockName": "OC x2",
    "powerFactor": 3.9982942430703625,
    "recipesPerMinute": 0.68259386,
  },
  {
    "crafterCount": 1,
    "id": "r:start:chemical_skip/iron_iii_chloride_skip",
    "overclockFactor": 22.5,
    "overclockName": "",
    "powerFactor": 0.72,
    "recipesPerMinute": 900,
  },
  {
    "crafterCount": 1,
    "id": "r:gtceu:chemical_reactor/carbon_monoxide_from_coal_gem",
    "overclockFactor": 5,
    "overclockName": "OC x2",
    "powerFactor": 2.88,
    "recipesPerMinute": 75,
  },
  {
    "crafterCount": 1,
    "id": "r:gtceu:cracker/hydro_crack_ethane",
    "overclockFactor": 4,
    "overclockName": "OC x2",
    "powerFactor": 3.2,
    "recipesPerMinute": 40,
  },
  {
    "crafterCount": 1,
    "id": "r:gtceu:electric_blast_furnace/blast_rhenate_w",
    "overclockFactor": 17,
    "overclockName": "",
    "powerFactor": 0.95,
    "recipesPerMinute": 34,
  },
  {
    "crafterCount": 1,
    "id": "r:gtceu:implosion_compressor/implode_dust_grossular_itnt",
    "overclockFactor": 17,
    "overclockName": "",
    "powerFactor": 1,
    "recipesPerMinute": 1020,
  },
  {
    "crafterCount": 1,
    "id": "r:gtceu:large_chemical_reactor/qbit_cpu_wafer_quantum_eye",
    "overclockFactor": 22.5,
    "overclockName": "",
    "powerFactor": 0.72,
    "recipesPerMinute": 30,
  },
  {
    "crafterCount": 1,
    "id": "r:start:pyrolyse_oven/oil_medium",
    "overclockFactor": 6,
    "overclockName": "OC x2",
    "powerFactor": 2.6666666666666665,
    "recipesPerMinute": 16,
  },
]
`;

exports[`Solver Processing Custom Logic Machines.gtnh should process without errors 1`] = `
[
  {
    "crafterCount": 1,
    "id": "r:start:vacuum_chemical_reaction_chamber/aerogel_ingot",
    "overclockFactor": 4,
    "overclockName": "OC x2",
    "powerFactor": 4,
    "recipesPerMinute": 20,
  },
  {
    "crafterCount": 1,
    "id": "r:start:vacuum_chemical_reaction_chamber/aerogel_ingot",
    "overclockFactor": 8,
    "overclockName": "OC x1",
    "powerFactor": 2,
    "recipesPerMinute": 40,
  },
  {
    "crafterCount": 1,
    "id": "r:start:vacuum_chemical_reaction_chamber/aerogel_ingot",
    "overclockFactor": 10,
    "overclockName": "OC x2",
    "powerFactor": 1.52,
    "recipesPerMinute": 50,
  },
  {
    "crafterCount": 1,
    "id": "r:start:forge_hammer/blackstone_crushing",
    "overclockFactor": 1,
    "overclockName": "",
    "powerFactor": 1,
    "recipesPerMinute": 120,
  },
  {
    "crafterCount": 1,
    "id": "r:gtceu:macerator/macerate_melon_slice",
    "overclockFactor": 1,
    "overclockName": "",
    "powerFactor": 1,
    "recipesPerMinute": 3,
  },
  {
    "crafterCount": 1,
    "id": "r:gtceu:smelting/smelt_endstone_diatomite_ore_to_ingot",
    "overclockFactor": 1,
    "overclockName": "",
    "powerFactor": 1,
    "recipesPerMinute": 6,
  },
  {
    "crafterCount": 1,
    "id": "r:start:steam_kiln/wrought_iron",
    "overclockFactor": 1,
    "overclockName": "",
    "powerFactor": 1,
    "recipesPerMinute": 30,
  },
  {
    "crafterCount": 1.0000000000007814,
    "id": "r:start:plasma_generator/helium_from_helium_plasma",
    "overclockFactor": 96,
    "overclockName": "Can't overclock",
    "powerFactor": 1.1199999999999999,
    "recipesPerMinute": 4266.66666667,
  },
  {
    "crafterCount": 0.9999999999984376,
    "id": "r:start:plasma_generator/helium_from_helium_plasma",
    "overclockFactor": 48,
    "overclockName": "Can't overclock",
    "powerFactor": 1.26,
    "recipesPerMinute": 2133.33333333,
  },
  {
    "crafterCount": 1,
    "id": "r:gtceu:combustion_generator/biodiesel",
    "overclockFactor": 1024,
    "overclockName": "Can't overclock",
    "powerFactor": 0.9,
    "recipesPerMinute": 153600,
  },
  {
    "crafterCount": 1,
    "id": "r:gtceu:combustion_generator/biodiesel",
    "overclockFactor": 4096,
    "overclockName": "Can't overclock",
    "powerFactor": 0.9,
    "recipesPerMinute": 614400,
  },
  {
    "crafterCount": 1,
    "id": "r:start:modular_rocket_module/sorbitol_hypergolic_fuel",
    "overclockFactor": 32768,
    "overclockName": "Can't overclock",
    "powerFactor": 0.9,
    "recipesPerMinute": 61440,
  },
]
`;

exports[`Solver Processing Custom Multiblocks.gtnh should process without errors 1`] = `
[
  {
    "crafterCount": 1,
    "id": "r:gtceu:alloy_smelter/annealed_copper_ingot_and_nickel_dust_into_cupronickel",
    "overclockFactor": 4,
    "overclockName": "OC x2",
    "powerFactor": 4,
    "recipesPerMinute": 48,
  },
  {
    "crafterCount": 1,
    "id": "r:start:barrel_composting/melon_slice_composting",
    "overclockFactor": 5,
    "overclockName": "OC x2",
    "powerFactor": 3.2,
    "recipesPerMinute": 400,
  },
  {
    "crafterCount": 1,
    "id": "r:start:stone_barrel/blackstone",
    "overclockFactor": 5,
    "overclockName": "OC x2",
    "powerFactor": 3.2,
    "recipesPerMinute": 400,
  },
  {
    "crafterCount": 1,
    "id": "r:start:barrel/bubble_coral_block",
    "overclockFactor": 5,
    "overclockName": "OC x2",
    "powerFactor": 3.2,
    "recipesPerMinute": 400,
  },
  {
    "crafterCount": 1,
    "id": "r:gtceu:combustion_generator/biodiesel",
    "overclockFactor": 256,
    "overclockName": "Can't overclock",
    "powerFactor": 1,
    "recipesPerMinute": 38400,
  },
  {
    "crafterCount": 1,
    "id": "r:start:composting/poppy",
    "overclockFactor": 4.2,
    "overclockName": "OC x2",
    "powerFactor": 3.8095238095238093,
    "recipesPerMinute": 120,
  },
  {
    "crafterCount": 1,
    "id": "r:gtceu:compressor/compress_magnalium_nugget_to_ingot",
    "overclockFactor": 4,
    "overclockName": "OC x2",
    "powerFactor": 4,
    "recipesPerMinute": 16,
  },
  {
    "crafterCount": 1,
    "id": "r:start:extractor/rubber_fluid_from_thermal",
    "overclockFactor": 5,
    "overclockName": "OC x2",
    "powerFactor": 3.2,
    "recipesPerMinute": 1200,
  },
  {
    "crafterCount": 1,
    "id": "r:start:fermenting/sweetcorn_beer",
    "overclockFactor": 4,
    "overclockName": "OC x2",
    "powerFactor": 4,
    "recipesPerMinute": 48,
  },
  {
    "crafterCount": 1.0000000000001303,
    "id": "r:gtceu:gas_turbine/methane",
    "overclockFactor": 128,
    "overclockName": "Can't overclock",
    "powerFactor": 1.4,
    "recipesPerMinute": 21942.85714286,
  },
  {
    "crafterCount": 1,
    "id": "r:gtceu:large_boiler/createdieselgenerators_wood_chip",
    "overclockFactor": 4,
    "overclockName": "OC x2",
    "powerFactor": 4,
    "recipesPerMinute": 2400,
  },
  {
    "crafterCount": 1.0000000000125,
    "id": "r:start:plasma_generator/helium_from_helium_plasma",
    "overclockFactor": 8,
    "overclockName": "Can't overclock",
    "powerFactor": 1.4,
    "recipesPerMinute": 355.55555556,
  },
  {
    "crafterCount": 1,
    "id": "r:gtceu:rock_breaker/deepslate",
    "overclockFactor": 4,
    "overclockName": "OC x2",
    "powerFactor": 4,
    "recipesPerMinute": 300,
  },
  {
    "crafterCount": 1,
    "id": "r:start:modular_rocket_module/sorbitol_hypergolic_fuel",
    "overclockFactor": 524288,
    "overclockName": "Can't overclock",
    "powerFactor": 0.9,
    "recipesPerMinute": 983040,
  },
  {
    "crafterCount": 1,
    "id": "r:gtceu:steam_boiler/create_cardboard_sword",
    "overclockFactor": 4,
    "overclockName": "OC x2",
    "powerFactor": 4,
    "recipesPerMinute": 9.6,
  },
]
`;

exports[`Solver Processing Fusion Reactors.gtnh should process without errors 1`] = `
[
  {
    "crafterCount": 1.0000000008,
    "id": "r:start:reflector_fusion_reactor/tritanium_from_titanium_and_duranium",
    "overclockFactor": 2,
    "overclockName": "Fusion OC x1",
    "powerFactor": 1,
    "recipesPerMinute": 5.55555556,
  },
  {
    "crafterCount": 0.9999999999979166,
    "id": "r:start:reflector_fusion_reactor/tritanium_from_titanium_and_duranium",
    "overclockFactor": 132.92307692307693,
    "overclockName": "Fusion OC x5",
    "powerFactor": 0.24074074074074073,
    "recipesPerMinute": 369.23076923,
  },
]
`;

exports[`Solver Processing Overclock Multiblocks 2.gtnh should process without errors 1`] = `
[
  {
    "crafterCount": 1,
    "id": "r:gtceu:arc_furnace/arc_copper_block",
    "overclockFactor": 70.875,
    "overclockName": "Perfect OC x3",
    "powerFactor": 0.9029982363315696,
    "recipesPerMinute": 150,
  },
  {
    "crafterCount": 1.0000000000166667,
    "id": "r:start:essence_enchancing/tertium_ench",
    "overclockFactor": 64.51612903225806,
    "overclockName": "Perfect OC x2",
    "powerFactor": 0.992,
    "recipesPerMinute": 77.41935484,
  },
  {
    "crafterCount": 1,
    "id": "r:start:assembler/duralumin_casing",
    "overclockFactor": 16,
    "overclockName": "OC x2",
    "powerFactor": 4,
    "recipesPerMinute": 384,
  },
  {
    "crafterCount": 0,
    "id": "r:start:assembly_line/cryostate_quantum_chiller",
    "overclockFactor": 4,
    "overclockName": "OC x2",
    "powerFactor": 4,
    "recipesPerMinute": 0,
  },
  {
    "crafterCount": 0,
    "id": "r:start:large_rotor_machine//csg_stargate_rod_base",
    "overclockFactor": 8,
    "overclockName": "OC x1",
    "powerFactor": 2,
    "recipesPerMinute": 0,
  },
  {
    "crafterCount": 0,
    "id": "r:start:ordered_chemistry//kaleidoscope_agitation_serum",
    "overclockFactor": 8,
    "overclockName": "OC x1",
    "powerFactor": 2,
    "recipesPerMinute": 0,
  },
  {
    "crafterCount": 0.99999999975,
    "id": "r:start:ordered_chemistry//kaleidoscope_agitation_serum",
    "overclockFactor": 20,
    "overclockName": "OC x1",
    "powerFactor": 0.76,
    "recipesPerMinute": 13.33333333,
  },
  {
    "crafterCount": 0,
    "id": "r:start:draco_infusion/chalyblux_dust",
    "overclockFactor": 10,
    "overclockName": "OC x2",
    "powerFactor": 1.52,
    "recipesPerMinute": 0,
  },
  {
    "crafterCount": 0.9999999997166666,
    "id": "r:start:nuclear_fission/mox238_fuel_rod",
    "overclockFactor": 1,
    "overclockName": "",
    "powerFactor": 1,
    "recipesPerMinute": 15.58441558,
  },
  {
    "crafterCount": 1,
    "id": "r:start:heat_chamber/graphite_nanoparticle_coolant",
    "overclockFactor": 40,
    "overclockName": "OC x2",
    "powerFactor": 1.52,
    "recipesPerMinute": 192,
  },
  {
    "crafterCount": 48.1000000004625,
    "id": "r:start:magmatic_drill/nether",
    "overclockFactor": 8,
    "overclockName": "OC x1",
    "powerFactor": 2,
    "recipesPerMinute": 346.66666667,
  },
  {
    "crafterCount": 0,
    "id": "r:start:riftic_enhancement/temporic_stargate_rod",
    "overclockFactor": 2,
    "overclockName": "OC x1",
    "powerFactor": 2,
    "recipesPerMinute": 0,
  },
  {
    "crafterCount": 0,
    "id": "r:start:hellforge/mythrotight_carbide_steel",
    "overclockFactor": 4.00057372346529,
    "overclockName": "OC x2",
    "powerFactor": 3.999426358812563,
    "recipesPerMinute": 0,
  },
]
`;

exports[`Solver Processing Overclock Multiblocks.gtnh should process without errors 1`] = `
[
  {
    "crafterCount": 1.0000000056708334,
    "id": "r:start:hellforge/mythrotight_carbide_steel",
    "overclockFactor": 10.000717102904266,
    "overclockName": "OC x2",
    "powerFactor": 1.519891008174387,
    "recipesPerMinute": 0.86052349,
  },
  {
    "crafterCount": 1,
    "id": "r:start:component_part_synthesis_forge/uhv_super_magnetic_core",
    "overclockFactor": 4,
    "overclockName": "OC x2",
    "powerFactor": 4,
    "recipesPerMinute": 0.25,
  },
  {
    "crafterCount": 1,
    "id": "r:start:component_synthesis_forge/uev_electric_pump",
    "overclockFactor": 4,
    "overclockName": "OC x2",
    "powerFactor": 4,
    "recipesPerMinute": 0.125,
  },
  {
    "crafterCount": 0.9999999996437502,
    "id": "r:start:draco_infusion/chalyblux_dust",
    "overclockFactor": 4,
    "overclockName": "OC x2",
    "powerFactor": 4,
    "recipesPerMinute": 3.96366639,
  },
  {
    "crafterCount": 1.0000000005,
    "id": "r:start:assembly_line/cryostate_quantum_chiller",
    "overclockFactor": 10,
    "overclockName": "OC x2",
    "powerFactor": 1.52,
    "recipesPerMinute": 6.66666667,
  },
  {
    "crafterCount": 1,
    "id": "r:start:mechanical_sieve/sand_sieving",
    "overclockFactor": 800,
    "overclockName": "OC x9",
    "powerFactor": 327.68,
    "recipesPerMinute": 1200,
  },
  {
    "crafterCount": 1,
    "id": "r:start:large_barrel/green_concrete",
    "overclockFactor": 4,
    "overclockName": "OC x2",
    "powerFactor": 4,
    "recipesPerMinute": 4800,
  },
  {
    "crafterCount": 1.0000000500000001,
    "id": "r:start:catto_shrine//mars",
    "overclockFactor": 16,
    "overclockName": "Perfect OC x2",
    "powerFactor": 1,
    "recipesPerMinute": 0.01904762,
  },
  {
    "crafterCount": 1,
    "id": "r:start:coke_oven/sugar_coke",
    "overclockFactor": 4,
    "overclockName": "OC x2",
    "powerFactor": 4,
    "recipesPerMinute": 4,
  },
  {
    "crafterCount": 1,
    "id": "r:start:component_nexus/luv_conveyor_module",
    "overclockFactor": 10,
    "overclockName": "OC x2",
    "powerFactor": 1.52,
    "recipesPerMinute": 40,
  },
  {
    "crafterCount": 1,
    "id": "r:start:component_part_assembly/csg_chevron",
    "overclockFactor": 4,
    "overclockName": "OC x2",
    "powerFactor": 4,
    "recipesPerMinute": 0.8,
  },
  {
    "crafterCount": 1,
    "id": "r:start:crop_greenhouse/sea_pickle_harvest_compost",
    "overclockFactor": 4,
    "overclockName": "OC x2",
    "powerFactor": 4,
    "recipesPerMinute": 8,
  },
  {
    "crafterCount": 1,
    "id": "r:start:dimensional_destabiliser/naquadah_mining",
    "overclockFactor": 10,
    "overclockName": "OC x2",
    "powerFactor": 1.52,
    "recipesPerMinute": 10,
  },
  {
    "crafterCount": 0.9999996,
    "id": "r:start:dimensional_finder/abydos_coordinate_crystal",
    "overclockFactor": 4,
    "overclockName": "OC x2",
    "powerFactor": 4,
    "recipesPerMinute": 0.00833333,
  },
  {
    "crafterCount": 1,
    "id": "r:gtceu:distillation_tower/distill_acetone",
    "overclockFactor": 4,
    "overclockName": "OC x2",
    "powerFactor": 4,
    "recipesPerMinute": 60,
  },
]
`;

exports[`Solver Processing Parallel Multiblocks.gtnh should process without errors 1`] = `
[
  {
    "crafterCount": 0,
    "id": "r:start:abyssal_akreyriadix_stabiliser/true_rimula_foundation",
    "overclockFactor": 17,
    "overclockName": "",
    "powerFactor": 1,
    "recipesPerMinute": 0,
  },
  {
    "crafterCount": 0,
    "id": "r:start:abyssal_harvester/high_saturation_voidic_excression",
    "overclockFactor": 17,
    "overclockName": "",
    "powerFactor": 1,
    "recipesPerMinute": 0,
  },
  {
    "crafterCount": 0,
    "id": "r:start:aqueous_void_excavation/mining",
    "overclockFactor": 17,
    "overclockName": "",
    "powerFactor": 1,
    "recipesPerMinute": 0,
  },
  {
    "crafterCount": 0,
    "id": "r:gtceu:arc_furnace/arc_copper_block",
    "overclockFactor": 17,
    "overclockName": "",
    "powerFactor": 1,
    "recipesPerMinute": 0,
  },
  {
    "crafterCount": 0,
    "id": "r:start:assembler/duralumin_casing",
    "overclockFactor": 2.4615384615384617,
    "overclockName": "",
    "powerFactor": 13,
    "recipesPerMinute": 0,
  },
  {
    "crafterCount": 0,
    "id": "r:start:autoclave/fire_infused_shard_shard",
    "overclockFactor": 34,
    "overclockName": "",
    "powerFactor": 1,
    "recipesPerMinute": 0,
  },
  {
    "crafterCount": 2.34375,
    "id": "r:start:bacteria_synthesizer/polyvinyl_butyral_synthesis",
    "overclockFactor": 34,
    "overclockName": "",
    "powerFactor": 1,
    "recipesPerMinute": 1275,
  },
  {
    "crafterCount": 0,
    "id": "r:gtceu:/bacterial_breeding_vat/bacteria_fermentibacter_solvatis",
    "overclockFactor": 16,
    "overclockName": "",
    "powerFactor": 1,
    "recipesPerMinute": 0,
  },
  {
    "crafterCount": 0.53125,
    "id": "r:gtceu:/bacterial_hydrocarbon_harvester/bacteria_fermentibacter_solvatis_harvest/p0",
    "overclockFactor": 32,
    "overclockName": "",
    "powerFactor": 1,
    "recipesPerMinute": 127.5,
  },
  {
    "crafterCount": 0,
    "id": "r:gtceu:bender/bend_iridium_ingot_to_foil",
    "overclockFactor": 21,
    "overclockName": "",
    "powerFactor": 1,
    "recipesPerMinute": 0,
  },
  {
    "crafterCount": 1,
    "id": "r:gtceu:brewery/biomass_from_glow_berries",
    "overclockFactor": 170,
    "overclockName": "",
    "powerFactor": 1,
    "recipesPerMinute": 1275,
  },
  {
    "crafterCount": 0,
    "id": "r:start:bulk_ore_processing_array/titanite",
    "overclockFactor": 3.4134615384615388,
    "overclockName": "",
    "powerFactor": 4.9399999999999995,
    "recipesPerMinute": 0,
  },
  {
    "crafterCount": 0,
    "id": "r:start:canner/mega_crafting_monitor",
    "overclockFactor": 17,
    "overclockName": "",
    "powerFactor": 1,
    "recipesPerMinute": 0,
  },
  {
    "crafterCount": 0,
    "id": "r:gtceu:centrifuge/decomposition_centrifuging__bronze",
    "overclockFactor": 1.3076923076923077,
    "overclockName": "",
    "powerFactor": 13,
    "recipesPerMinute": 0,
  },
  {
    "crafterCount": 1,
    "id": "r:gtceu:chemical_bath/studs_white",
    "overclockFactor": 256,
    "overclockName": "",
    "powerFactor": 1,
    "recipesPerMinute": 30720,
  },
]
`;

exports[`Solver Processing Single Block Machines.gtnh should process without errors 1`] = `
[
  {
    "crafterCount": 1,
    "id": "r:gtceu:air_scrubber/carbon_monoxide_poisoning",
    "overclockFactor": 4,
    "overclockName": "OC x2",
    "powerFactor": 4,
    "recipesPerMinute": 24,
  },
  {
    "crafterCount": 1,
    "id": "r:start:essence_burning/emerald_essence_burning_0_cryptand",
    "overclockFactor": 4,
    "overclockName": "OC x2",
    "powerFactor": 4,
    "recipesPerMinute": 48,
  },
  {
    "crafterCount": 1,
    "id": "r:start:greenhouse_growing/cerium_essence_growing",
    "overclockFactor": 4,
    "overclockName": "OC x2",
    "powerFactor": 4,
    "recipesPerMinute": 12,
  },
  {
    "crafterCount": 1,
    "id": "r:gtceu:scanner/1_x_gtceu_zpm_input_bus",
    "overclockFactor": 4,
    "overclockName": "OC x2",
    "powerFactor": 4,
    "recipesPerMinute": 2,
  },
]
`;
